Testing User model connection...
Collection name: user
Database name: undefined
node : [FAIL] Error: 
MongoServerError: db 
already exists with 
different case 
already have: [Login] 
trying to create 
[login]
At line:1 char:1
+ node 
test_login_db.js > 
test_output.txt 2>&1
+ ~~~~~~~~~~~~~~~~~~~~
~~~~~~~~~~~~~~~~~~~~~~
~~
    + CategoryInfo    
          : NotSpeci  
  fied: ([FAIL] Err   
 or: M... create [    
login]:String) []    
, RemoteException
    + FullyQualifiedE 
   rrorId : NativeCo  
  mmandError
 
    at D:\MCA\internsh
ip\Workspace\server\no
de_modules\mongodb\lib
\operations\insert.js:
50:33
    at D:\MCA\internsh
ip\Workspace\server\no
de_modules\mongodb\lib
\operations\command.js
:84:64
    at process.process
TicksAndRejections (no
de:internal/process/ta
sk_queues:105:5) {
  index: 0,
  code: 13297,
  
Symbol(errorLabels): 
Set(0) {}
}
